---
created: "2019-08-04T17:27:53.034149454Z"
creator: insta@0.10.0
source: cargo-geiger/tests/mod.rs
expression: stdout
---

