---
created: "2019-08-04T17:08:53.423179344Z"
creator: insta@0.10.0
source: cargo-geiger/tests/mod.rs
expression: stdout
---

Metric output format: x/y
    x = unsafe code used by the build
    y = total unsafe code found in the crate

Symbols: 
    🔒 = No `unsafe` usage found, declares #![forbid(unsafe_code)]
    ❓ = No `unsafe` usage found, missing #![forbid(unsafe_code)]
    ☢️[6C = `unsafe` usage found

Functions  Expressions  Impls  Traits  Methods  Dependency

0/0        1/1          0/0    0/0     0/0      ☢️[51Ctest3_package_with_nested_deps 0.1.0
0/0        0/0          0/0    0/0     0/0      ❓[51C├── doc-comment 0.3.1
0/0        60/60        0/0    0/0     0/0      ☢️[51C├── num_cpus 1.10.1
2/2        0/0          0/0    0/0     5/11     ☢️[51C│   └── libc 0.2.60
1/1        0/0          0/0    0/0     0/0      ☢️[51C└── test2_package_with_shallow_deps 0.1.0
0/0        2/2          0/0    0/0     0/0      ☢️[51C    ├── ref_slice 1.1.1
1/1        1/1          0/0    0/0     0/0      ☢️[51C    └── test1_package_with_no_deps 0.1.0

